
> client@0.0.0 build
> vite build

[36mvite v7.3.1 [32mbuilding client environment for production...[36m[39m
transforming...
[32mΓ£ô[39m 8182 modules transformed.
node.exe : 
[31mΓ£ù[39m Build 
failed in 3.69s
At C:\Program Files\no
dejs\npm.ps1:29 char:3
+   & $NODE_EXE 
$NPM_CLI_JS $args
+   ~~~~~~~~~~~~~~~~~~
~~~~~~~~~~~
    + CategoryInfo    
          : NotSpeci  
  fied: ([31mΓ£ù[   
 39m Build failed     
in 3.69s:String)     
[], RemoteExcepti    
on
    + FullyQualifiedE 
   rrorId : NativeCo  
  mmandError
 
[31merror during 
build:
[31m[vite:load-fallba
ck] Could not load D:\
NV\frontend\nam-viet-c
lient\src/components/c
ustom/DataTablePaginat
ion (imported by src/v
iews/admin/warehouse-o
ut/components/Warehous
eOutDataTable.jsx): 
ENOENT: no such file 
or directory, open 'D:
\NV\frontend\nam-viet-
client\src\components\
custom\DataTablePagina
tion'[31m
    at async open (nod
e:internal/fs/promises
:633:25)
    at async 
Object.readFile (node:
internal/fs/promises:1
237:14)
    at async 
Object.handler (file:/
//D:/NV/frontend/nam-v
iet-client/node_module
s/vite/dist/node/chunk
s/config.js:33169:21)
    at async PluginDri
ver.hookFirstAndGetPlu
gin (file:///D:/NV/fro
ntend/nam-viet-client/
node_modules/rollup/di
st/es/shared/node-entr
y.js:22453:28)
    at async file:///D
:/NV/frontend/nam-viet
-client/node_modules/r
ollup/dist/es/shared/n
ode-entry.js:21445:33
    at async 
Queue.work (file:///D:
/NV/frontend/nam-viet-
client/node_modules/ro
llup/dist/es/shared/no
de-entry.js:22681:32)
[39m
